
> client@0.1.0 build
> next build

Γû▓ Next.js 16.2.6 (Turbopack)
- Environments: .env

npm : ΓÜá The "middleware" file convention is deprecated. Please use "proxy" instead. Learn more: 
https://nextjs.org/docs/messages/middleware-to-proxy
At C:\Users\ADMIN\AppData\Local\Temp\ps-script-764c1cae-7133-44f4-913d-eb88eeff47b6.ps1:99 char:47
+ ... "d:\Thu_muc_moi_2\Doanchuyennganh\client"; npm run build 2>&1 | Out-F ...
+                                                ~~~~~~~~~~~~~~~~~~
    + CategoryInfo          : NotSpecified: (ΓÜá The "middle...leware-to-proxy:String) [], RemoteException
    + FullyQualifiedErrorId : NativeCommandError
 
  Creating an optimized production build ...
Γ£ô Compiled successfully in 9.0s
  Running TypeScript ...
  Finished TypeScript in 6.2s ...
  Collecting page data using 11 workers ...
  Generating static pages using 11 workers (0/19) ...
  Generating static pages using 11 workers (4/19) 
  Generating static pages using 11 workers (9/19) 
  Generating static pages using 11 workers (14/19) 
form data { fullName: '', email: '', phone: '', note: '' }
paymentMethod cash
Γ£ô Generating static pages using 11 workers (19/19) in 1463ms
  Finalizing page optimization ...

Route (app)
Γöî ╞Æ /
Γö£ Γùï /_not-found
Γö£ ╞Æ /admin
Γö£ ╞Æ /admin/bookings
Γö£ Γùï /admin/login
Γö£ ╞Æ /admin/price-configs
Γö£ ╞Æ /admin/price-configs/[id]
Γö£ ╞Æ /admin/stadiums
Γö£ ╞Æ /admin/stadiums/create
Γö£ ╞Æ /admin/stadiums/detail/[id]
Γö£ ╞Æ /admin/stadiums/update/[id]
Γö£ ╞Æ /admin/user
Γö£ ╞Æ /booked
Γö£ ╞Æ /booking/detail/[id]
Γö£ ╞Æ /booking/success/[id]
Γö£ Γùï /checkout
Γö£ ╞Æ /favorite
Γö£ Γùï /forgot-password
Γö£ Γùï /login
Γö£ ╞Æ /map
Γö£ Γùï /register
Γö£ ╞Æ /stadiums
Γöö ╞Æ /stadiums/[slug]


╞Æ Proxy (Middleware)

Γùï  (Static)   prerendered as static content
╞Æ  (Dynamic)  server-rendered on demand

